
    KB
2.812^                                                                      :#
     |                                                                      :#
     |                                                                      :#
     |                                                                      :#
     |                                                                      :#
     |                                                                :::::::#
     |                                                               ::   : :#
     |                                                             :@::   : :#
     |                                                            ::@::   : :#
     |                                                            ::@::   : :#
     |                                                            @:@::   : :#
     |                                                           :@:@::   : :#
     |                                                           @@:@::   : :#
     |                                                      :::::@@:@::   : :#
     |                                                      :    @@:@::   : :#
     |                                                     @:    @@:@::   : :#
     |                                                     @:    @@:@::   : :#
     |                                                     @:    @@:@::   : :#
     |                                                    @@:    @@:@::   : :#
     |                                                    @@:    @@:@::   : :#
   0 +----------------------------------------------------------------------->ki
     0                                                                   186.7


